// Jest Snapshot v1, https://goo.gl/fbAQLP

exports[`Pruebas sobre <HomeScreen/> should render correctly 1`] = `
<div>
  <h1>
    HomeScreen
  </h1>
  <hr />
</div>
`;
