// Jest Snapshot v1, https://goo.gl/fbAQLP

exports[`Pruebas en <Dashboard/> Debe de renderizar correctamente <DCScreen/> 1`] = `
Array [
  <nav
    className="navbar navbar-expand-sm navbar-dark bg-dark"
  >
    <div
      className="container-fluid"
    >
      <a
        className="navbar-brand"
        href="/"
        onClick={[Function]}
      >
        Asociaciones
      </a>
      <div
        className="navbar-collapse justify-content-sm-between "
      >
        <div
          className="navbar-nav"
        >
          <a
            className="nav-item nav-link"
            href="/marvel"
            onClick={[Function]}
          >
            Marvel
          </a>
          <a
            aria-current="page"
            className="nav-item nav-link active"
            href="/dc"
            onClick={[Function]}
          >
            DC
          </a>
          <a
            className="nav-item nav-link"
            href="/search"
            onClick={[Function]}
          >
            Search
          </a>
        </div>
        <div
          className="navbar-nav"
        >
          <span
            className="nav-item nav-link text-info"
          >
            Crhistian
          </span>
          <button
            className="nav-item nav-link btn logoutLink"
            onClick={[Function]}
          >
            Logout
          </button>
        </div>
      </div>
    </div>
  </nav>,
  <div
    className="container my-3"
  >
    <div>
      <h1>
        DC Screen
      </h1>
      <div
        className="row row-cols-xl-3 row-cols-md-2 row-cols-1 g-3 animate__animated animate__fadeIn"
      >
        <div
          className="col animate__animated animate__fadeIn"
        >
          <div
            className="card"
          >
            <div
              className="row g-0"
            >
              <div
                className="col-4"
              >
                <img
                  alt="Batman"
                  className="card-img-top"
                  src="assets/heroes/dc-batman.jpg"
                />
              </div>
              <div
                className="col-8 card-body"
              >
                <h5
                  className="card-title"
                >
                  Batman
                </h5>
                <p
                  className="card-text"
                >
                   
                  Bruce Wayne
                   
                </p>
                <p
                  className="text-muted"
                >
                   
                  Detective Comics #27
                   
                </p>
                <a
                  href="/hero/dc-batman"
                  onClick={[Function]}
                >
                  More..
                </a>
              </div>
            </div>
          </div>
        </div>
        <div
          className="col animate__animated animate__fadeIn"
        >
          <div
            className="card"
          >
            <div
              className="row g-0"
            >
              <div
                className="col-4"
              >
                <img
                  alt="Superman"
                  className="card-img-top"
                  src="assets/heroes/dc-superman.jpg"
                />
              </div>
              <div
                className="col-8 card-body"
              >
                <h5
                  className="card-title"
                >
                  Superman
                </h5>
                <p
                  className="card-text"
                >
                   
                  Kal-El
                   
                </p>
                <p
                  className="text-muted"
                >
                   
                  Action Comics #1
                   
                </p>
                <a
                  href="/hero/dc-superman"
                  onClick={[Function]}
                >
                  More..
                </a>
              </div>
            </div>
          </div>
        </div>
        <div
          className="col animate__animated animate__fadeIn"
        >
          <div
            className="card"
          >
            <div
              className="row g-0"
            >
              <div
                className="col-4"
              >
                <img
                  alt="Flash"
                  className="card-img-top"
                  src="assets/heroes/dc-flash.jpg"
                />
              </div>
              <div
                className="col-8 card-body"
              >
                <h5
                  className="card-title"
                >
                  Flash
                </h5>
                <p
                  className="card-text"
                >
                   
                  Jay Garrick
                   
                </p>
                <p
                  className="text-muted"
                >
                   
                  Jay Garrick, Barry Allen, Wally West, Bart Allen
                   
                </p>
                <p
                  className="text-muted"
                >
                   
                  Flash Comics #1
                   
                </p>
                <a
                  href="/hero/dc-flash"
                  onClick={[Function]}
                >
                  More..
                </a>
              </div>
            </div>
          </div>
        </div>
        <div
          className="col animate__animated animate__fadeIn"
        >
          <div
            className="card"
          >
            <div
              className="row g-0"
            >
              <div
                className="col-4"
              >
                <img
                  alt="Green Lantern"
                  className="card-img-top"
                  src="assets/heroes/dc-green.jpg"
                />
              </div>
              <div
                className="col-8 card-body"
              >
                <h5
                  className="card-title"
                >
                  Green Lantern
                </h5>
                <p
                  className="card-text"
                >
                   
                  Alan Scott
                   
                </p>
                <p
                  className="text-muted"
                >
                   
                  Alan Scott, Hal Jordan, Guy Gardner, John Stewart, Kyle Raynor, Jade, Sinestro, Simon Baz
                   
                </p>
                <p
                  className="text-muted"
                >
                   
                  All-American Comics #16
                   
                </p>
                <a
                  href="/hero/dc-green"
                  onClick={[Function]}
                >
                  More..
                </a>
              </div>
            </div>
          </div>
        </div>
        <div
          className="col animate__animated animate__fadeIn"
        >
          <div
            className="card"
          >
            <div
              className="row g-0"
            >
              <div
                className="col-4"
              >
                <img
                  alt="Green Arrow"
                  className="card-img-top"
                  src="assets/heroes/dc-arrow.jpg"
                />
              </div>
              <div
                className="col-8 card-body"
              >
                <h5
                  className="card-title"
                >
                  Green Arrow
                </h5>
                <p
                  className="card-text"
                >
                   
                  Oliver Queen
                   
                </p>
                <p
                  className="text-muted"
                >
                   
                  More Fun Comics #73
                   
                </p>
                <a
                  href="/hero/dc-arrow"
                  onClick={[Function]}
                >
                  More..
                </a>
              </div>
            </div>
          </div>
        </div>
        <div
          className="col animate__animated animate__fadeIn"
        >
          <div
            className="card"
          >
            <div
              className="row g-0"
            >
              <div
                className="col-4"
              >
                <img
                  alt="Wonder Woman"
                  className="card-img-top"
                  src="assets/heroes/dc-wonder.jpg"
                />
              </div>
              <div
                className="col-8 card-body"
              >
                <h5
                  className="card-title"
                >
                  Wonder Woman
                </h5>
                <p
                  className="card-text"
                >
                   
                  Princess Diana
                   
                </p>
                <p
                  className="text-muted"
                >
                   
                  All Star Comics #8
                   
                </p>
                <a
                  href="/hero/dc-wonder"
                  onClick={[Function]}
                >
                  More..
                </a>
              </div>
            </div>
          </div>
        </div>
        <div
          className="col animate__animated animate__fadeIn"
        >
          <div
            className="card"
          >
            <div
              className="row g-0"
            >
              <div
                className="col-4"
              >
                <img
                  alt="Martian Manhunter"
                  className="card-img-top"
                  src="assets/heroes/dc-martian.jpg"
                />
              </div>
              <div
                className="col-8 card-body"
              >
                <h5
                  className="card-title"
                >
                  Martian Manhunter
                </h5>
                <p
                  className="card-text"
                >
                   
                  J'onn J'onzz
                   
                </p>
                <p
                  className="text-muted"
                >
                   
                  Martian Manhunter
                   
                </p>
                <p
                  className="text-muted"
                >
                   
                  Detective Comics #225
                   
                </p>
                <a
                  href="/hero/dc-martian"
                  onClick={[Function]}
                >
                  More..
                </a>
              </div>
            </div>
          </div>
        </div>
        <div
          className="col animate__animated animate__fadeIn"
        >
          <div
            className="card"
          >
            <div
              className="row g-0"
            >
              <div
                className="col-4"
              >
                <img
                  alt="Robin/Nightwing"
                  className="card-img-top"
                  src="assets/heroes/dc-robin.jpg"
                />
              </div>
              <div
                className="col-8 card-body"
              >
                <h5
                  className="card-title"
                >
                  Robin/Nightwing
                </h5>
                <p
                  className="card-text"
                >
                   
                  Dick Grayson
                   
                </p>
                <p
                  className="text-muted"
                >
                   
                  Detective Comics #38
                   
                </p>
                <a
                  href="/hero/dc-robin"
                  onClick={[Function]}
                >
                  More..
                </a>
              </div>
            </div>
          </div>
        </div>
        <div
          className="col animate__animated animate__fadeIn"
        >
          <div
            className="card"
          >
            <div
              className="row g-0"
            >
              <div
                className="col-4"
              >
                <img
                  alt="Blue Beetle"
                  className="card-img-top"
                  src="assets/heroes/dc-blue.jpg"
                />
              </div>
              <div
                className="col-8 card-body"
              >
                <h5
                  className="card-title"
                >
                  Blue Beetle
                </h5>
                <p
                  className="card-text"
                >
                   
                  Dan Garret
                   
                </p>
                <p
                  className="text-muted"
                >
                   
                  Dan Garret, Ted Kord, Jaime Reyes
                   
                </p>
                <p
                  className="text-muted"
                >
                   
                  Mystery Men Comics #1
                   
                </p>
                <a
                  href="/hero/dc-blue"
                  onClick={[Function]}
                >
                  More..
                </a>
              </div>
            </div>
          </div>
        </div>
        <div
          className="col animate__animated animate__fadeIn"
        >
          <div
            className="card"
          >
            <div
              className="row g-0"
            >
              <div
                className="col-4"
              >
                <img
                  alt="Black Canary"
                  className="card-img-top"
                  src="assets/heroes/dc-black.jpg"
                />
              </div>
              <div
                className="col-8 card-body"
              >
                <h5
                  className="card-title"
                >
                  Black Canary
                </h5>
                <p
                  className="card-text"
                >
                   
                  Dinah Drake
                   
                </p>
                <p
                  className="text-muted"
                >
                   
                  Dinah Drake, Dinah Lance
                   
                </p>
                <p
                  className="text-muted"
                >
                   
                  Flash Comics #86
                   
                </p>
                <a
                  href="/hero/dc-black"
                  onClick={[Function]}
                >
                  More..
                </a>
              </div>
            </div>
          </div>
        </div>
      </div>
    </div>
  </div>,
]
`;

exports[`Pruebas en <Dashboard/> Debe de renderizar correctamente <SearchScreen/> 1`] = `
Array [
  <nav
    className="navbar navbar-expand-sm navbar-dark bg-dark"
  >
    <div
      className="container-fluid"
    >
      <a
        className="navbar-brand"
        href="/"
        onClick={[Function]}
      >
        Asociaciones
      </a>
      <div
        className="navbar-collapse justify-content-sm-between "
      >
        <div
          className="navbar-nav"
        >
          <a
            className="nav-item nav-link"
            href="/marvel"
            onClick={[Function]}
          >
            Marvel
          </a>
          <a
            className="nav-item nav-link"
            href="/dc"
            onClick={[Function]}
          >
            DC
          </a>
          <a
            aria-current="page"
            className="nav-item nav-link active"
            href="/search"
            onClick={[Function]}
          >
            Search
          </a>
        </div>
        <div
          className="navbar-nav"
        >
          <span
            className="nav-item nav-link text-info"
          >
            Crhistian
          </span>
          <button
            className="nav-item nav-link btn logoutLink"
            onClick={[Function]}
          >
            Logout
          </button>
        </div>
      </div>
    </div>
  </nav>,
  <div
    className="container my-3"
  >
    <div
      className="row"
    >
      <div
        className="col-sm-5 mb-4"
      >
        <h3>
          Search
        </h3>
        <hr />
        <form
          onSubmit={[Function]}
        >
          <input
            autoComplete="off"
            className="form-control"
            name="searchText"
            onChange={[Function]}
            placeholder="Ej: Flash"
            type="text"
            value=""
          />
          <button
            className="btn btn-outline-primary mt-2"
            type="submit"
          >
            Enviar
          </button>
        </form>
      </div>
      <div
        className="col-sm-7"
      >
        <h3>
          Results
        </h3>
        <hr />
        <div
          className="alert alert-info animate__animated animate__fadeIn"
        >
          Search your hero
        </div>
      </div>
    </div>
  </div>,
]
`;
