// Jest Snapshot v1, https://goo.gl/fbAQLP

exports[`Pruebas en <SearchScreen/> Debe de hacer el render con valores por defecto 1`] = `
<div
  className="row"
>
  <div
    className="col-sm-5 mb-4"
  >
    <h3>
      Search
    </h3>
    <hr />
    <form
      onSubmit={[Function]}
    >
      <input
        autoComplete="off"
        className="form-control"
        name="searchText"
        onChange={[Function]}
        placeholder="Ej: Flash"
        type="text"
        value=""
      />
      <button
        className="btn btn-outline-primary mt-2"
        type="submit"
      >
        Enviar
      </button>
    </form>
  </div>
  <div
    className="col-sm-7"
  >
    <h3>
      Results
    </h3>
    <hr />
    <div
      className="alert alert-info animate__animated animate__fadeIn"
    >
      Search your hero
    </div>
  </div>
</div>
`;
