// Jest Snapshot v1, https://goo.gl/fbAQLP

exports[`Pruebas en CounterApp Debe de mostrar <CounterApp /> correctamente 1`] = `
<Fragment>
  <h1>
    CounterApp
  </h1>
  <h2
    id="contador"
  >
     
    10
     
  </h2>
  <button
    id="b1"
    onClick={[Function]}
  >
    +1
  </button>
  <button
    id="b2"
    onClick={[Function]}
  >
    Reset
  </button>
  <button
    id="b3"
    onClick={[Function]}
  >
    -1
  </button>
</Fragment>
`;
