// Jest Snapshot v1, https://goo.gl/fbAQLP

exports[`Pruebas en <PrimeraApp />  Deberia de mostrar <PirmeraApp /> correctamente 1`] = `
<Fragment>
  <h1>
     
    Hola soy Goku
     
  </h1>
  <p>
     
    Hola soy un subtitulo por default
     
  </p>
</Fragment>
`;
